deploy_start_utc=2026-05-07T18:50:36Z
═══════════════════════════════════════════════
  🚧 Nexus Hub Staging Deploy
═══════════════════════════════════════════════
   Local:  /Users/felipedominguez/Desktop/Custom Connectors/Cortex/cortex-telegram-hub-bot
   Remote: dominguez@serverdominguez:/home/dominguez/telegram-hub-bot-staging

📦 Building TypeScript...
   ✅ Type check passed
> @nexushub/core@4.14.134 build
> tsc && cp src/portal/portal.html dist/portal/portal.html && cp src/portal/landing.html dist/portal/landing.html && cp src/portal/user-login.html dist/portal/user-login.html && mkdir -p dist/portal/auth && cp src/portal/auth/password-reset.html dist/portal/auth/password-reset.html && rm -rf dist/services/coach-kernel/knowledge && mkdir -p dist/services/coach-kernel/knowledge && cp -R src/services/coach-kernel/knowledge/* dist/services/coach-kernel/knowledge/

   ✅ Build complete

📁 Ensuring staging directory exists...

🔑 Validating staging .env...
   ✅ All required keys present

🛑 Stopping staging services (if running)...
[PM2] Applying action stopProcessId on app [nexus-hub-staging](ids: [ 4 ])
[PM2] [nexus-hub-staging](4) ✓
┌────┬───────────────────────────┬─────────────┬─────────┬─────────┬──────────┬────────┬──────┬───────────┬──────────┬──────────┬──────────┬──────────┐
│ id │ name                      │ namespace   │ version │ mode    │ pid      │ uptime │ ↺    │ status    │ cpu      │ mem      │ user     │ watching │
├────┼───────────────────────────┼─────────────┼─────────┼─────────┼──────────┼────────┼──────┼───────────┼──────────┼──────────┼──────────┼──────────┤
│ 0  │ content-engine            │ default     │ 4.14.1… │ fork    │ 3669190  │ 8h     │ 3    │ online    │ 0%       │ 62.0mb   │ domingu… │ disabled │
│ 6  │ content-engine-staging    │ default     │ 4.14.1… │ fork    │ 3674342  │ 8h     │ 1    │ online    │ 0%       │ 56.9mb   │ domingu… │ disabled │
│ 3  │ nexus-hub                 │ default     │ 4.14.1… │ fork    │ 3669199  │ 8h     │ 429  │ online    │ 0%       │ 379.1mb  │ domingu… │ disabled │
│ 4  │ nexus-hub-staging         │ default     │ 4.14.1… │ fork    │ 0        │ 0      │ 20   │ stopped   │ 0%       │ 0b       │ domingu… │ disabled │
└────┴───────────────────────────┴─────────────┴─────────┴─────────┴──────────┴────────┴──────┴───────────┴──────────┴──────────┴──────────┴──────────┘
[PM2] Applying action stopProcessId on app [content-engine-staging](ids: [ 6 ])
[PM2] [content-engine-staging](6) ✓
┌────┬───────────────────────────┬─────────────┬─────────┬─────────┬──────────┬────────┬──────┬───────────┬──────────┬──────────┬──────────┬──────────┐
│ id │ name                      │ namespace   │ version │ mode    │ pid      │ uptime │ ↺    │ status    │ cpu      │ mem      │ user     │ watching │
├────┼───────────────────────────┼─────────────┼─────────┼─────────┼──────────┼────────┼──────┼───────────┼──────────┼──────────┼──────────┼──────────┤
│ 0  │ content-engine            │ default     │ 4.14.1… │ fork    │ 3669190  │ 8h     │ 3    │ online    │ 0%       │ 62.0mb   │ domingu… │ disabled │
│ 6  │ content-engine-staging    │ default     │ 4.14.1… │ fork    │ 0        │ 0      │ 1    │ stopped   │ 0%       │ 0b       │ domingu… │ disabled │
│ 3  │ nexus-hub                 │ default     │ 4.14.1… │ fork    │ 3669199  │ 8h     │ 429  │ online    │ 0%       │ 379.1mb  │ domingu… │ disabled │
│ 4  │ nexus-hub-staging         │ default     │ 4.14.1… │ fork    │ 0        │ 0      │ 20   │ stopped   │ 0%       │ 0b       │ domingu… │ disabled │
└────┴───────────────────────────┴─────────────┴─────────┴─────────┴──────────┴────────┴──────┴───────────┴──────────┴──────────┴──────────┴──────────┘

📤 Syncing files to staging...
src/utils/logger.ts
src/utils/privacy-sanitizer.ts

sent 596,185 bytes  received 169,830 bytes  510,676.67 bytes/sec
total size is 141,677,595  speedup is 184.95
   ✅ rsync complete

📥 Installing dependencies...
found 0 vulnerabilities
   ✅ Dependencies updated

🧭 Verifying owner bootstrap on staging...
Owner bootstrap preflight
- strict mode: off
- database path: ./data/bot.db
- database exists: yes
- explicit OWNER_TELEGRAM_ID: none
- persisted owner telegram_id: 7807541475
- persisted owner user id: 1
- persisted owner row count: 1
- startup action: none
- result: OK
- note: startup already has a stable owner bootstrap source

🔧 Rebuilding native modules...
rebuilt dependencies successfully
   ✅ Native modules rebuilt

🟢 Starting staging services...
[PM2] Applying action restartProcessId on app [content-engine-staging](ids: [ 6 ])
[PM2] [content-engine-staging](6) ✓
[PM2] Process successfully started
┌────┬───────────────────────────┬─────────────┬─────────┬─────────┬──────────┬────────┬──────┬───────────┬──────────┬──────────┬──────────┬──────────┐
│ id │ name                      │ namespace   │ version │ mode    │ pid      │ uptime │ ↺    │ status    │ cpu      │ mem      │ user     │ watching │
├────┼───────────────────────────┼─────────────┼─────────┼─────────┼──────────┼────────┼──────┼───────────┼──────────┼──────────┼──────────┼──────────┤
│ 0  │ content-engine            │ default     │ 4.14.1… │ fork    │ 3669190  │ 8h     │ 3    │ online    │ 0%       │ 62.0mb   │ domingu… │ disabled │
│ 6  │ content-engine-staging    │ default     │ 4.14.1… │ fork    │ 3902026  │ 0s     │ 1    │ online    │ 0%       │ 7.1mb    │ domingu… │ disabled │
│ 3  │ nexus-hub                 │ default     │ 4.14.1… │ fork    │ 3669199  │ 8h     │ 429  │ online    │ 0%       │ 379.0mb  │ domingu… │ disabled │
│ 4  │ nexus-hub-staging         │ default     │ 4.14.1… │ fork    │ 0        │ 0      │ 20   │ stopped   │ 0%       │ 0b       │ domingu… │ disabled │
└────┴───────────────────────────┴─────────────┴─────────┴─────────┴──────────┴────────┴──────┴───────────┴──────────┴──────────┴──────────┴──────────┘
[PM2] Applying action restartProcessId on app [nexus-hub-staging](ids: [ 4 ])
[PM2] [nexus-hub-staging](4) ✓
[PM2] Process successfully started
┌────┬───────────────────────────┬─────────────┬─────────┬─────────┬──────────┬────────┬──────┬───────────┬──────────┬──────────┬──────────┬──────────┐
│ id │ name                      │ namespace   │ version │ mode    │ pid      │ uptime │ ↺    │ status    │ cpu      │ mem      │ user     │ watching │
├────┼───────────────────────────┼─────────────┼─────────┼─────────┼──────────┼────────┼──────┼───────────┼──────────┼──────────┼──────────┼──────────┤
│ 0  │ content-engine            │ default     │ 4.14.1… │ fork    │ 3669190  │ 8h     │ 3    │ online    │ 0%       │ 62.0mb   │ domingu… │ disabled │
│ 6  │ content-engine-staging    │ default     │ 4.14.1… │ fork    │ 3902026  │ 0s     │ 1    │ online    │ 0%       │ 38.9mb   │ domingu… │ disabled │
│ 3  │ nexus-hub                 │ default     │ 4.14.1… │ fork    │ 3669199  │ 8h     │ 429  │ online    │ 0%       │ 379.0mb  │ domingu… │ disabled │
│ 4  │ nexus-hub-staging         │ default     │ 4.14.1… │ fork    │ 3902035  │ 0s     │ 20   │ online    │ 0%       │ 22.0mb   │ domingu… │ disabled │
└────┴───────────────────────────┴─────────────┴─────────┴─────────┴──────────┴────────┴──────┴───────────┴──────────┴──────────┴──────────┴──────────┘
[PM2] Saving current process list...
[PM2] Successfully saved in /home/dominguez/.pm2/dump.pm2
   ✅ Staging running

🏥 Health check (waiting 10s for startup)...
 ✅ Staging content engine OK
 ✅ Staging portal OK

═══════════════════════════════════════════════
  ✅ Staging deploy complete
═══════════════════════════════════════════════

URLs (from inside the server):
  Staging portal:        http://localhost:8201
  Staging content-engine: http://localhost:8101

PM2 commands:
  pm2 logs nexus-hub-staging --nostream --lines 50
  pm2 restart nexus-hub-staging
  pm2 stop nexus-hub-staging

Production was NOT touched. To deploy to prod, run ./scripts/deploy.sh
./scripts/deploy-staging.sh  21.19s user 1.67s system 70% cpu 32.621 total
zsh:1: read-only variable: status
