# Production health check — 2026-04-30 R2 remediation
Thu Apr 30 07:20:09 UTC 2026

## Content engine local health
{"status":"ok","version":"0.1.0"}
## Nexus Hub local snapshot
{
  "version": "4.14.107",
  "uptime": {
    "seconds": 172,
    "human": "2m"
  },
  "bot": {
    "polling": false,
    "restarting": false,
    "lastMessageAt": null
  },
  "generatedAt": "2026-04-30T07:20:09.832Z"
}

## PM2 production status
nexus-hub=online restarts=0 version=4.14.107
content-engine=online restarts=0 version=4.14.107
